{
  "aio": {
    "uncompressed": {
      "runtime": 4325,
      "main": 468041,
      "polyfills": 33938,
      "styles": 74561,
      "light-theme": 92890,
      "dark-theme": 93036
    }
  },
  "aio-local": {
    "uncompressed": {
      "runtime": 4325,
      "main": 470131,
      "polyfills": 33836,
      "styles": 74561,
      "light-theme": 92890,
      "dark-theme": 93036
    }
  }
}
